package main

// Test: Null coalescing with Option type methods
// Feature: ?? operator with Option type
// Complexity: advanced


type OptionTag uint8

const (
	OptionTagSome OptionTag = iota
	OptionTagNone
)

type Option struct {
	tag  OptionTag
	some *int
}

func OptionSome(arg0 int) Option {
	return Option{tag: OptionTagSome, some: &arg0}
}
func OptionNone() Option {
	return Option{tag: OptionTagNone}
}
func (e Option) IsSome() bool {
	return e.tag == OptionTagSome
}
func (e Option) IsNone() bool {
	return e.tag == OptionTagNone
}
func (o Option) Map(fn func(int) int) Option {
	switch o.tag {
	case OptionTagSome:
		if o.some != nil {
			return OptionSome(fn(*o.some))
		}
	case OptionTagNone:
		return o
	}
	panic("invalid Option state")
}
func (o Option) AndThen(fn func(int) Option) Option {
	switch o.tag {
	case OptionTagSome:
		if o.some != nil {
			return fn(*o.some)
		}
	case OptionTagNone:
		return o
	}
	panic("invalid Option state")
}
func (o Option) Unwrap() int {
	if o.tag != OptionTagSome {
		panic("called Unwrap on None")
	}
	return *o.some
}
func find(arr []int, target int) Option {
	for i, val := range arr {
		if val == target {
			return OptionSome(i)
		}
	}
	return OptionNone()
}
func main() {
	numbers := []int{10, 20, 30, 40}

	// Null coalescing with Option
	tmp, err := find(numbers, 25)

	if err != nil {
		return nil, err
	}
	var index = tmp
	tmp1, err1 := find(numbers, 30)

	if err1 != nil {
		return nil, err1
	}
	var value = tmp1

	// Combined with comparison
	tmp2, err2 := find(numbers, 20)

	if err2 != nil {
		return nil, err2
	}
	var result = tmp2
	msg := "not found"
	if result >= 0 {
		msg = "found"
	}

	println("Index:", index, "Value:", value, "Status:", msg)
}
