package main

// Test: Basic pattern matching
// Feature: Pattern matching with match expression
// Complexity: basic


type StatusTag uint8

const (
	StatusTagPending StatusTag = iota
	StatusTagActive
	StatusTagComplete
)

type Status struct {
	tag StatusTag
}

func StatusPending() Status {
	return Status{tag: StatusTagPending}
}
func StatusActive() Status {
	return Status{tag: StatusTagActive}
}
func StatusComplete() Status {
	return Status{tag: StatusTagComplete}
}
func (e Status) IsPending() bool {
	return e.tag == StatusTagPending
}
func (e Status) IsActive() bool {
	return e.tag == StatusTagActive
}
func (e Status) IsComplete() bool {
	return e.tag == StatusTagComplete
}
func getStatusMessage(s Status) string {
	var __match_result_0 string
	// DINGO_MATCH_START: s
	scrutinee := s
	switch scrutinee.tag {
	case StatusTagPending:
		// DINGO_PATTERN: StatusPending
		__match_result_0 = "Waiting to start"
	case StatusTagActive:
		// DINGO_PATTERN: StatusActive
		__match_result_0 = "Currently running"
	case StatusTagComplete:
		// DINGO_PATTERN: StatusComplete
		__match_result_0 = "Finished"
	}
	return __match_result_0
	// DINGO_MATCH_END

}
func main() {
	status := StatusActive()
	msg := getStatusMessage(status)
	println(msg)
}
