package main

// Test: Basic pattern matching
// Feature: Pattern matching with match expression
// Complexity: basic


type StatusTag uint8

const (
	StatusTagPending StatusTag = iota
	StatusTagActive
	StatusTagComplete
)

type Status struct {
	tag StatusTag
}

func StatusPending() Status {
	return Status{tag: StatusTagPending}
}
func StatusActive() Status {
	return Status{tag: StatusTagActive}
}
func StatusComplete() Status {
	return Status{tag: StatusTagComplete}
}
func (e Status) IsPending() bool {
	return e.tag == StatusTagPending
}
func (e Status) IsActive() bool {
	return e.tag == StatusTagActive
}
func (e Status) IsComplete() bool {
	return e.tag == StatusTagComplete
}
func getStatusMessage(s Status) string {
	tmp := s
	switch tmp.tag {
	default:
		StatusPending := tmp
		return "Waiting to start" // dingo:M:1
	default:
		StatusActive := tmp
		return "Currently running" // dingo:M:1
	default:
		StatusComplete := tmp
		return "Finished" // dingo:M:1
	}
	panic("non-exhaustive match")

}
func main() {
	status := StatusActive()
	msg := getStatusMessage(status)
	println(msg)
}
