package main

type

// Test: Tuple error scenarios
// Feature: Error messages for invalid tuple usage
// Complexity: basic
// NOTE: This file tests error conditions - it should NOT compile
Tuple12IntIntIntIntIntIntIntIntIntIntIntInt struct {
	_0  int
	_1  int
	_2  int
	_3  int
	_4  int
	_5  int
	_6  int
	_7  int
	_8  int
	_9  int
	_10 int
	_11 int
}

func main() {
	// Error: Empty tuple (0 elements)
	// Expected error: "Empty tuples are not supported"
	// let empty = ()

	// Error: Single element tuple (1 element)
	// Expected error: "Single-element tuples are not supported"
	// let single = (42,)

	// Error: Too many elements (13 > 12)
	// Expected error: "Tuple has 13 elements, maximum is 12"
	// let huge = (1, 2, 3, 4, 5, 6, 7, 8, 9, 10, 11, 12, 13)

	// Valid: Maximum allowed arity (12 elements)
	max := Tuple12IntIntIntIntIntIntIntIntIntIntIntInt{_0: 1, _1: 2, _2: 3, _3: 4, _4: 5, _5: 6, _6: 7, _7: 8, _8: 9, _9: 10, _10: 11, _11: 12}
	tmp := max
	a, b, c, d, e, f, g, h, i, j, k, l := tmp._0, tmp._1, tmp._2, tmp._3, tmp._4, tmp._5, tmp._6, tmp._7, tmp._8, tmp._9, tmp._10, tmp._11
	println("Max arity:", a, b, c, d, e, f, g, h, i, j, k, l)
}
