package main

// Test: Tuples with pattern matching
// Feature: Integration with match expressions
// Complexity: advanced


type StatusTag uint8

const (
	StatusTagPending StatusTag = iota
	StatusTagActive
	StatusTagComplete
)

type Status struct {
	tag StatusTag
}

func StatusPending() Status {
	return Status{tag: StatusTagPending}
}
func StatusActive() Status {
	return Status{tag: StatusTagActive}
}
func StatusComplete() Status {
	return Status{tag: StatusTagComplete}
}
func (e Status) IsPending() bool {
	return e.tag == StatusTagPending
}
func (e Status) IsActive() bool {
	return e.tag == StatusTagActive
}
func (e Status) IsComplete() bool {
	return e.tag == StatusTagComplete
}
func getStatus() (Status, int) {
	return StatusActive(), 50
}
func getCoords() (int, int) {
	return 10, 20
}
func analyzePoint(x int, y int) string {
	// Pattern matching on individual values instead of tuple literals
	if x == 0 && y == 0 {
		return "origin"
	}
	if x == 0 {
		return "on y-axis"
	}
	if y == 0 {
		return "on x-axis"
	}
	return "general point"
}
func analyzeStatus(s Status, progress int) string {
	// Simplified: use match on enum only
	var __match_result_0 string
	// DINGO_MATCH_START: s
	scrutinee := s
	switch scrutinee.tag {
	case StatusTagPending:
		// DINGO_PATTERN: StatusPending
		__match_result_0 = "not started"
	case StatusTagActive:
		// DINGO_PATTERN: StatusActive
		__match_result_0 = "in progress"
	case StatusTagComplete:
		// DINGO_PATTERN: StatusComplete
		__match_result_0 = "finished"
	}
	return __match_result_0
	// DINGO_MATCH_END

}
func main() {
	// Pattern match with tuple literals
	location := analyzePoint(0, 5)
	println("Location:", location)

	// Pattern match with tuple destructuring
	tmp := getStatus()
	status, progress := tmp._0, tmp._1
	msg := analyzeStatus(status, progress)
	println("Status:", msg)

	// Tuple destructuring with value checks
	tmp1 := getCoords()
	cx, cy := tmp1._0, tmp1._1
	var result string
	if cx == 10 && cy == 20 {
		result = "exact match"
	} else if cx == 10 {
		result = "x is 10"
	} else {
		result = "other"
	}
	println("Result:", result)
}
